<?xml version="1.0"?>
<div>
  <div>Processed</div>
  <span>Processed</span>
  <form><button>Processed</button>
    Processed</form>
</div>
