<?xml version="1.0"?>
<div>
  <div>Some Information</div>
</div>
