<?xml version="1.0"?>
<div>
  <div>This is a custom email tag helper.</div>
</div>
