<?xml version="1.0"?>
<div>
  <div>

    Processed</div>
</div>
